{
    "cafe_go": {
        "content": [
            "CAFE_summary.txt:md5,b6cbf4877b159864b97d514273b4ab67",
            "versions.yml:md5,acfc3dae393e700a8add474731579ae8"
        ],
        "meta": {
            "nf-test": "0.8.4",
            "nextflow": "23.10.1"
        },
        "timestamp": "2024-05-03T12:01:52.31372"
    }
}