{
    "orthofinder": {
        "content": [
            [
                [
                    [
                        [
                            "Orthogroups.tsv:md5,7d1c15f8d74eda5e11fabc8aa8ae0b0a"
                        ],
                        [
                            "N0.tsv:md5,e040bdfc8539ce3407dbfff6459f3736"
                        ],
                        [
                            "SpeciesTree_rooted_node_labels.txt:md5,3adb133e3e47b8c6dc17d1b563355790"
                        ]
                    ]
                ],
                "versions.yml:md5,76d821b267ab1de6f1fcc8840eb7dca9"
            ]
        ],
        "meta": {
            "nf-test": "0.8.4",
            "nextflow": "23.10.1"
        },
        "timestamp": "2024-04-23T19:04:17.165482591"
    }
}