{
    "Should run without failures": {
        "content": [
            [
                [
                    "test1",
                    "test1.tsv:md5,40e321250db460120563bd0449d76fe3"
                ]
            ],
            [
                "versions.yml:md5,51393275b26f4f0f3c7c107a0b9756f9"
            ]
        ],
        "meta": {
            "nf-test": "0.9.0",
            "nextflow": "24.04.4"
        },
        "timestamp": "2024-08-26T22:37:37.183306"
    }
}