{
    "sarscov2 genome [gff] - stub": {
        "content": [
            [
                "test.stats.txt",
                "versions.yml:md5,33c0e3094afa9dabe8f773db494bceb9"
            ]
        ],
        "meta": {
            "nf-test": "0.9.0",
            "nextflow": "24.04.4"
        },
        "timestamp": "2024-08-27T12:01:53.225479"
    },
    "sarscov2 genome [gff]": {
        "content": [
            {
                "0": [
                    [
                        "test",
                        "test.stats.txt:md5,0a27bb5a911615023decd8223ba67812"
                    ]
                ],
                "1": [
                    "versions.yml:md5,33c0e3094afa9dabe8f773db494bceb9"
                ],
                "stats_txt": [
                    [
                        "test",
                        "test.stats.txt:md5,0a27bb5a911615023decd8223ba67812"
                    ]
                ],
                "versions": [
                    "versions.yml:md5,33c0e3094afa9dabe8f773db494bceb9"
                ]
            }
        ],
        "meta": {
            "nf-test": "0.9.0",
            "nextflow": "24.04.4"
        },
        "timestamp": "2024-08-27T12:01:49.279323"
    }
}